------------------------------------------------------------
TimeQuest Timing Analyzer Summary
------------------------------------------------------------

Type  : Slow 1200mV 85C Model Setup 'u8|altpll_component|auto_generated|pll1|clk[0]'
Slack : 1.942
TNS   : 0.000

Type  : Slow 1200mV 85C Model Setup 'u8|altpll_component|auto_generated|pll1|clk[3]'
Slack : 11.801
TNS   : 0.000

Type  : Slow 1200mV 85C Model Setup 'CLOCK_50'
Slack : 13.661
TNS   : 0.000

Type  : Slow 1200mV 85C Model Setup 'CLOCK2_50'
Slack : 13.989
TNS   : 0.000

Type  : Slow 1200mV 85C Model Hold 'u8|altpll_component|auto_generated|pll1|clk[0]'
Slack : 0.323
TNS   : 0.000

Type  : Slow 1200mV 85C Model Hold 'CLOCK2_50'
Slack : 0.402
TNS   : 0.000

Type  : Slow 1200mV 85C Model Hold 'u8|altpll_component|auto_generated|pll1|clk[3]'
Slack : 0.403
TNS   : 0.000

Type  : Slow 1200mV 85C Model Hold 'CLOCK_50'
Slack : 0.440
TNS   : 0.000

Type  : Slow 1200mV 85C Model Recovery 'u8|altpll_component|auto_generated|pll1|clk[0]'
Slack : 2.937
TNS   : 0.000

Type  : Slow 1200mV 85C Model Recovery 'u8|altpll_component|auto_generated|pll1|clk[3]'
Slack : 12.902
TNS   : 0.000

Type  : Slow 1200mV 85C Model Recovery 'CLOCK2_50'
Slack : 13.751
TNS   : 0.000

Type  : Slow 1200mV 85C Model Removal 'CLOCK2_50'
Slack : 2.696
TNS   : 0.000

Type  : Slow 1200mV 85C Model Removal 'u8|altpll_component|auto_generated|pll1|clk[0]'
Slack : 5.243
TNS   : 0.000

Type  : Slow 1200mV 85C Model Removal 'u8|altpll_component|auto_generated|pll1|clk[3]'
Slack : 5.252
TNS   : 0.000

Type  : Slow 1200mV 85C Model Minimum Pulse Width 'u8|altpll_component|auto_generated|pll1|clk[0]'
Slack : 4.699
TNS   : 0.000

Type  : Slow 1200mV 85C Model Minimum Pulse Width 'CLOCK_50'
Slack : 9.645
TNS   : 0.000

Type  : Slow 1200mV 85C Model Minimum Pulse Width 'CLOCK2_50'
Slack : 9.675
TNS   : 0.000

Type  : Slow 1200mV 85C Model Minimum Pulse Width 'CLOCK3_50'
Slack : 16.000
TNS   : 0.000

Type  : Slow 1200mV 85C Model Minimum Pulse Width 'u8|altpll_component|auto_generated|pll1|clk[3]'
Slack : 19.700
TNS   : 0.000

Type  : Slow 1200mV 0C Model Setup 'u8|altpll_component|auto_generated|pll1|clk[0]'
Slack : 2.698
TNS   : 0.000

Type  : Slow 1200mV 0C Model Setup 'u8|altpll_component|auto_generated|pll1|clk[3]'
Slack : 12.445
TNS   : 0.000

Type  : Slow 1200mV 0C Model Setup 'CLOCK_50'
Slack : 14.220
TNS   : 0.000

Type  : Slow 1200mV 0C Model Setup 'CLOCK2_50'
Slack : 14.461
TNS   : 0.000

Type  : Slow 1200mV 0C Model Hold 'u8|altpll_component|auto_generated|pll1|clk[0]'
Slack : 0.327
TNS   : 0.000

Type  : Slow 1200mV 0C Model Hold 'CLOCK2_50'
Slack : 0.353
TNS   : 0.000

Type  : Slow 1200mV 0C Model Hold 'u8|altpll_component|auto_generated|pll1|clk[3]'
Slack : 0.355
TNS   : 0.000

Type  : Slow 1200mV 0C Model Hold 'CLOCK_50'
Slack : 0.387
TNS   : 0.000

Type  : Slow 1200mV 0C Model Recovery 'u8|altpll_component|auto_generated|pll1|clk[0]'
Slack : 3.719
TNS   : 0.000

Type  : Slow 1200mV 0C Model Recovery 'u8|altpll_component|auto_generated|pll1|clk[3]'
Slack : 13.709
TNS   : 0.000

Type  : Slow 1200mV 0C Model Recovery 'CLOCK2_50'
Slack : 14.249
TNS   : 0.000

Type  : Slow 1200mV 0C Model Removal 'CLOCK2_50'
Slack : 2.457
TNS   : 0.000

Type  : Slow 1200mV 0C Model Removal 'u8|altpll_component|auto_generated|pll1|clk[0]'
Slack : 4.588
TNS   : 0.000

Type  : Slow 1200mV 0C Model Removal 'u8|altpll_component|auto_generated|pll1|clk[3]'
Slack : 4.600
TNS   : 0.000

Type  : Slow 1200mV 0C Model Minimum Pulse Width 'u8|altpll_component|auto_generated|pll1|clk[0]'
Slack : 4.687
TNS   : 0.000

Type  : Slow 1200mV 0C Model Minimum Pulse Width 'CLOCK_50'
Slack : 9.636
TNS   : 0.000

Type  : Slow 1200mV 0C Model Minimum Pulse Width 'CLOCK2_50'
Slack : 9.643
TNS   : 0.000

Type  : Slow 1200mV 0C Model Minimum Pulse Width 'CLOCK3_50'
Slack : 16.000
TNS   : 0.000

Type  : Slow 1200mV 0C Model Minimum Pulse Width 'u8|altpll_component|auto_generated|pll1|clk[3]'
Slack : 19.689
TNS   : 0.000

Type  : Fast 1200mV 0C Model Setup 'u8|altpll_component|auto_generated|pll1|clk[0]'
Slack : 5.688
TNS   : 0.000

Type  : Fast 1200mV 0C Model Setup 'u8|altpll_component|auto_generated|pll1|clk[3]'
Slack : 15.893
TNS   : 0.000

Type  : Fast 1200mV 0C Model Setup 'CLOCK_50'
Slack : 16.673
TNS   : 0.000

Type  : Fast 1200mV 0C Model Setup 'CLOCK2_50'
Slack : 17.068
TNS   : 0.000

Type  : Fast 1200mV 0C Model Hold 'u8|altpll_component|auto_generated|pll1|clk[0]'
Slack : 0.123
TNS   : 0.000

Type  : Fast 1200mV 0C Model Hold 'CLOCK2_50'
Slack : 0.180
TNS   : 0.000

Type  : Fast 1200mV 0C Model Hold 'u8|altpll_component|auto_generated|pll1|clk[3]'
Slack : 0.180
TNS   : 0.000

Type  : Fast 1200mV 0C Model Hold 'CLOCK_50'
Slack : 0.201
TNS   : 0.000

Type  : Fast 1200mV 0C Model Recovery 'u8|altpll_component|auto_generated|pll1|clk[0]'
Slack : 6.194
TNS   : 0.000

Type  : Fast 1200mV 0C Model Recovery 'u8|altpll_component|auto_generated|pll1|clk[3]'
Slack : 16.123
TNS   : 0.000

Type  : Fast 1200mV 0C Model Recovery 'CLOCK2_50'
Slack : 16.762
TNS   : 0.000

Type  : Fast 1200mV 0C Model Removal 'CLOCK2_50'
Slack : 1.291
TNS   : 0.000

Type  : Fast 1200mV 0C Model Removal 'u8|altpll_component|auto_generated|pll1|clk[0]'
Slack : 2.785
TNS   : 0.000

Type  : Fast 1200mV 0C Model Removal 'u8|altpll_component|auto_generated|pll1|clk[3]'
Slack : 2.796
TNS   : 0.000

Type  : Fast 1200mV 0C Model Minimum Pulse Width 'u8|altpll_component|auto_generated|pll1|clk[0]'
Slack : 4.761
TNS   : 0.000

Type  : Fast 1200mV 0C Model Minimum Pulse Width 'CLOCK_50'
Slack : 9.267
TNS   : 0.000

Type  : Fast 1200mV 0C Model Minimum Pulse Width 'CLOCK2_50'
Slack : 9.272
TNS   : 0.000

Type  : Fast 1200mV 0C Model Minimum Pulse Width 'CLOCK3_50'
Slack : 16.000
TNS   : 0.000

Type  : Fast 1200mV 0C Model Minimum Pulse Width 'u8|altpll_component|auto_generated|pll1|clk[3]'
Slack : 19.763
TNS   : 0.000

------------------------------------------------------------
