------------------------------------------------------------
TimeQuest Timing Analyzer Summary
------------------------------------------------------------

Type  : Slow 1200mV 85C Model Setup 'u8|altpll_component|auto_generated|pll1|clk[0]'
Slack : 2.007
TNS   : 0.000

Type  : Slow 1200mV 85C Model Setup 'u8|altpll_component|auto_generated|pll1|clk[3]'
Slack : 12.331
TNS   : 0.000

Type  : Slow 1200mV 85C Model Setup 'CLOCK_50'
Slack : 13.200
TNS   : 0.000

Type  : Slow 1200mV 85C Model Setup 'CLOCK2_50'
Slack : 13.826
TNS   : 0.000

Type  : Slow 1200mV 85C Model Hold 'u8|altpll_component|auto_generated|pll1|clk[0]'
Slack : 0.276
TNS   : 0.000

Type  : Slow 1200mV 85C Model Hold 'CLOCK2_50'
Slack : 0.402
TNS   : 0.000

Type  : Slow 1200mV 85C Model Hold 'u8|altpll_component|auto_generated|pll1|clk[3]'
Slack : 0.402
TNS   : 0.000

Type  : Slow 1200mV 85C Model Hold 'CLOCK_50'
Slack : 0.440
TNS   : 0.000

Type  : Slow 1200mV 85C Model Recovery 'u8|altpll_component|auto_generated|pll1|clk[0]'
Slack : 2.953
TNS   : 0.000

Type  : Slow 1200mV 85C Model Recovery 'CLOCK2_50'
Slack : 12.544
TNS   : 0.000

Type  : Slow 1200mV 85C Model Recovery 'u8|altpll_component|auto_generated|pll1|clk[3]'
Slack : 12.974
TNS   : 0.000

Type  : Slow 1200mV 85C Model Removal 'CLOCK2_50'
Slack : 2.218
TNS   : 0.000

Type  : Slow 1200mV 85C Model Removal 'u8|altpll_component|auto_generated|pll1|clk[0]'
Slack : 5.185
TNS   : 0.000

Type  : Slow 1200mV 85C Model Removal 'u8|altpll_component|auto_generated|pll1|clk[3]'
Slack : 5.202
TNS   : 0.000

Type  : Slow 1200mV 85C Model Minimum Pulse Width 'u8|altpll_component|auto_generated|pll1|clk[0]'
Slack : 4.694
TNS   : 0.000

Type  : Slow 1200mV 85C Model Minimum Pulse Width 'CLOCK_50'
Slack : 9.645
TNS   : 0.000

Type  : Slow 1200mV 85C Model Minimum Pulse Width 'CLOCK2_50'
Slack : 9.687
TNS   : 0.000

Type  : Slow 1200mV 85C Model Minimum Pulse Width 'CLOCK3_50'
Slack : 16.000
TNS   : 0.000

Type  : Slow 1200mV 85C Model Minimum Pulse Width 'u8|altpll_component|auto_generated|pll1|clk[3]'
Slack : 19.695
TNS   : 0.000

Type  : Slow 1200mV 0C Model Setup 'u8|altpll_component|auto_generated|pll1|clk[0]'
Slack : 2.763
TNS   : 0.000

Type  : Slow 1200mV 0C Model Setup 'u8|altpll_component|auto_generated|pll1|clk[3]'
Slack : 12.956
TNS   : 0.000

Type  : Slow 1200mV 0C Model Setup 'CLOCK_50'
Slack : 13.761
TNS   : 0.000

Type  : Slow 1200mV 0C Model Setup 'CLOCK2_50'
Slack : 14.290
TNS   : 0.000

Type  : Slow 1200mV 0C Model Hold 'u8|altpll_component|auto_generated|pll1|clk[0]'
Slack : 0.279
TNS   : 0.000

Type  : Slow 1200mV 0C Model Hold 'CLOCK2_50'
Slack : 0.353
TNS   : 0.000

Type  : Slow 1200mV 0C Model Hold 'u8|altpll_component|auto_generated|pll1|clk[3]'
Slack : 0.353
TNS   : 0.000

Type  : Slow 1200mV 0C Model Hold 'CLOCK_50'
Slack : 0.387
TNS   : 0.000

Type  : Slow 1200mV 0C Model Recovery 'u8|altpll_component|auto_generated|pll1|clk[0]'
Slack : 3.737
TNS   : 0.000

Type  : Slow 1200mV 0C Model Recovery 'CLOCK2_50'
Slack : 13.235
TNS   : 0.000

Type  : Slow 1200mV 0C Model Recovery 'u8|altpll_component|auto_generated|pll1|clk[3]'
Slack : 13.757
TNS   : 0.000

Type  : Slow 1200mV 0C Model Removal 'CLOCK2_50'
Slack : 1.963
TNS   : 0.000

Type  : Slow 1200mV 0C Model Removal 'u8|altpll_component|auto_generated|pll1|clk[0]'
Slack : 4.543
TNS   : 0.000

Type  : Slow 1200mV 0C Model Removal 'u8|altpll_component|auto_generated|pll1|clk[3]'
Slack : 4.559
TNS   : 0.000

Type  : Slow 1200mV 0C Model Minimum Pulse Width 'u8|altpll_component|auto_generated|pll1|clk[0]'
Slack : 4.684
TNS   : 0.000

Type  : Slow 1200mV 0C Model Minimum Pulse Width 'CLOCK_50'
Slack : 9.636
TNS   : 0.000

Type  : Slow 1200mV 0C Model Minimum Pulse Width 'CLOCK2_50'
Slack : 9.693
TNS   : 0.000

Type  : Slow 1200mV 0C Model Minimum Pulse Width 'CLOCK3_50'
Slack : 16.000
TNS   : 0.000

Type  : Slow 1200mV 0C Model Minimum Pulse Width 'u8|altpll_component|auto_generated|pll1|clk[3]'
Slack : 19.685
TNS   : 0.000

Type  : Fast 1200mV 0C Model Setup 'u8|altpll_component|auto_generated|pll1|clk[0]'
Slack : 5.699
TNS   : 0.000

Type  : Fast 1200mV 0C Model Setup 'u8|altpll_component|auto_generated|pll1|clk[3]'
Slack : 16.010
TNS   : 0.000

Type  : Fast 1200mV 0C Model Setup 'CLOCK_50'
Slack : 16.440
TNS   : 0.000

Type  : Fast 1200mV 0C Model Setup 'CLOCK2_50'
Slack : 16.817
TNS   : 0.000

Type  : Fast 1200mV 0C Model Hold 'u8|altpll_component|auto_generated|pll1|clk[0]'
Slack : 0.098
TNS   : 0.000

Type  : Fast 1200mV 0C Model Hold 'u8|altpll_component|auto_generated|pll1|clk[3]'
Slack : 0.179
TNS   : 0.000

Type  : Fast 1200mV 0C Model Hold 'CLOCK2_50'
Slack : 0.180
TNS   : 0.000

Type  : Fast 1200mV 0C Model Hold 'CLOCK_50'
Slack : 0.201
TNS   : 0.000

Type  : Fast 1200mV 0C Model Recovery 'u8|altpll_component|auto_generated|pll1|clk[0]'
Slack : 6.205
TNS   : 0.000

Type  : Fast 1200mV 0C Model Recovery 'CLOCK2_50'
Slack : 16.012
TNS   : 0.000

Type  : Fast 1200mV 0C Model Recovery 'u8|altpll_component|auto_generated|pll1|clk[3]'
Slack : 16.215
TNS   : 0.000

Type  : Fast 1200mV 0C Model Removal 'CLOCK2_50'
Slack : 1.019
TNS   : 0.000

Type  : Fast 1200mV 0C Model Removal 'u8|altpll_component|auto_generated|pll1|clk[0]'
Slack : 2.757
TNS   : 0.000

Type  : Fast 1200mV 0C Model Removal 'u8|altpll_component|auto_generated|pll1|clk[3]'
Slack : 2.767
TNS   : 0.000

Type  : Fast 1200mV 0C Model Minimum Pulse Width 'u8|altpll_component|auto_generated|pll1|clk[0]'
Slack : 4.756
TNS   : 0.000

Type  : Fast 1200mV 0C Model Minimum Pulse Width 'CLOCK_50'
Slack : 9.266
TNS   : 0.000

Type  : Fast 1200mV 0C Model Minimum Pulse Width 'CLOCK2_50'
Slack : 9.273
TNS   : 0.000

Type  : Fast 1200mV 0C Model Minimum Pulse Width 'CLOCK3_50'
Slack : 16.000
TNS   : 0.000

Type  : Fast 1200mV 0C Model Minimum Pulse Width 'u8|altpll_component|auto_generated|pll1|clk[3]'
Slack : 19.760
TNS   : 0.000

------------------------------------------------------------
